Archive member included to satisfy reference by file (symbol)

/opt/st/stm32cubeide_1.16.0/plugins/com.st.stm32cube.ide.mcu.externaltools.gnu-tools-for-stm32.12.3.rel1.linux64_1.0.200.202406132123/tools/bin/../lib/gcc/arm-none-eabi/12.3.1/../../../../arm-none-eabi/lib/thumb/v7e-m+fp/hard/libc_nano.a(libc_a-exit.o)
                              /opt/st/stm32cubeide_1.16.0/plugins/com.st.stm32cube.ide.mcu.externaltools.gnu-tools-for-stm32.12.3.rel1.linux64_1.0.200.202406132123/tools/bin/../lib/gcc/arm-none-eabi/12.3.1/../../../../arm-none-eabi/lib/thumb/v7e-m+fp/hard/crt0.o (exit)
/opt/st/stm32cubeide_1.16.0/plugins/com.st.stm32cube.ide.mcu.externaltools.gnu-tools-for-stm32.12.3.rel1.linux64_1.0.200.202406132123/tools/bin/../lib/gcc/arm-none-eabi/12.3.1/../../../../arm-none-eabi/lib/thumb/v7e-m+fp/hard/libc_nano.a(libc_a-findfp.o)
                              /opt/st/stm32cubeide_1.16.0/plugins/com.st.stm32cube.ide.mcu.externaltools.gnu-tools-for-stm32.12.3.rel1.linux64_1.0.200.202406132123/tools/bin/../lib/gcc/arm-none-eabi/12.3.1/../../../../arm-none-eabi/lib/thumb/v7e-m+fp/hard/libc_nano.a(libc_a-exit.o) (__stdio_exit_handler)
/opt/st/stm32cubeide_1.16.0/plugins/com.st.stm32cube.ide.mcu.externaltools.gnu-tools-for-stm32.12.3.rel1.linux64_1.0.200.202406132123/tools/bin/../lib/gcc/arm-none-eabi/12.3.1/../../../../arm-none-eabi/lib/thumb/v7e-m+fp/hard/libc_nano.a(libc_a-fwalk.o)
                              /opt/st/stm32cubeide_1.16.0/plugins/com.st.stm32cube.ide.mcu.externaltools.gnu-tools-for-stm32.12.3.rel1.linux64_1.0.200.202406132123/tools/bin/../lib/gcc/arm-none-eabi/12.3.1/../../../../arm-none-eabi/lib/thumb/v7e-m+fp/hard/libc_nano.a(libc_a-findfp.o) (_fwalk_sglue)
/opt/st/stm32cubeide_1.16.0/plugins/com.st.stm32cube.ide.mcu.externaltools.gnu-tools-for-stm32.12.3.rel1.linux64_1.0.200.202406132123/tools/bin/../lib/gcc/arm-none-eabi/12.3.1/../../../../arm-none-eabi/lib/thumb/v7e-m+fp/hard/libc_nano.a(libc_a-stdio.o)
                              /opt/st/stm32cubeide_1.16.0/plugins/com.st.stm32cube.ide.mcu.externaltools.gnu-tools-for-stm32.12.3.rel1.linux64_1.0.200.202406132123/tools/bin/../lib/gcc/arm-none-eabi/12.3.1/../../../../arm-none-eabi/lib/thumb/v7e-m+fp/hard/libc_nano.a(libc_a-findfp.o) (__sread)
/opt/st/stm32cubeide_1.16.0/plugins/com.st.stm32cube.ide.mcu.externaltools.gnu-tools-for-stm32.12.3.rel1.linux64_1.0.200.202406132123/tools/bin/../lib/gcc/arm-none-eabi/12.3.1/../../../../arm-none-eabi/lib/thumb/v7e-m+fp/hard/libc_nano.a(libc_a-memset.o)
                              /opt/st/stm32cubeide_1.16.0/plugins/com.st.stm32cube.ide.mcu.externaltools.gnu-tools-for-stm32.12.3.rel1.linux64_1.0.200.202406132123/tools/bin/../lib/gcc/arm-none-eabi/12.3.1/../../../../arm-none-eabi/lib/thumb/v7e-m+fp/hard/crt0.o (memset)
/opt/st/stm32cubeide_1.16.0/plugins/com.st.stm32cube.ide.mcu.externaltools.gnu-tools-for-stm32.12.3.rel1.linux64_1.0.200.202406132123/tools/bin/../lib/gcc/arm-none-eabi/12.3.1/../../../../arm-none-eabi/lib/thumb/v7e-m+fp/hard/libc_nano.a(libc_a-closer.o)
                              /opt/st/stm32cubeide_1.16.0/plugins/com.st.stm32cube.ide.mcu.externaltools.gnu-tools-for-stm32.12.3.rel1.linux64_1.0.200.202406132123/tools/bin/../lib/gcc/arm-none-eabi/12.3.1/../../../../arm-none-eabi/lib/thumb/v7e-m+fp/hard/libc_nano.a(libc_a-stdio.o) (_close_r)
/opt/st/stm32cubeide_1.16.0/plugins/com.st.stm32cube.ide.mcu.externaltools.gnu-tools-for-stm32.12.3.rel1.linux64_1.0.200.202406132123/tools/bin/../lib/gcc/arm-none-eabi/12.3.1/../../../../arm-none-eabi/lib/thumb/v7e-m+fp/hard/libc_nano.a(libc_a-reent.o)
                              /opt/st/stm32cubeide_1.16.0/plugins/com.st.stm32cube.ide.mcu.externaltools.gnu-tools-for-stm32.12.3.rel1.linux64_1.0.200.202406132123/tools/bin/../lib/gcc/arm-none-eabi/12.3.1/../../../../arm-none-eabi/lib/thumb/v7e-m+fp/hard/libc_nano.a(libc_a-closer.o) (errno)
/opt/st/stm32cubeide_1.16.0/plugins/com.st.stm32cube.ide.mcu.externaltools.gnu-tools-for-stm32.12.3.rel1.linux64_1.0.200.202406132123/tools/bin/../lib/gcc/arm-none-eabi/12.3.1/../../../../arm-none-eabi/lib/thumb/v7e-m+fp/hard/libc_nano.a(libc_a-impure.o)
                              /opt/st/stm32cubeide_1.16.0/plugins/com.st.stm32cube.ide.mcu.externaltools.gnu-tools-for-stm32.12.3.rel1.linux64_1.0.200.202406132123/tools/bin/../lib/gcc/arm-none-eabi/12.3.1/../../../../arm-none-eabi/lib/thumb/v7e-m+fp/hard/libc_nano.a(libc_a-reent.o) (_impure_ptr)
/opt/st/stm32cubeide_1.16.0/plugins/com.st.stm32cube.ide.mcu.externaltools.gnu-tools-for-stm32.12.3.rel1.linux64_1.0.200.202406132123/tools/bin/../lib/gcc/arm-none-eabi/12.3.1/../../../../arm-none-eabi/lib/thumb/v7e-m+fp/hard/libc_nano.a(libc_a-lseekr.o)
                              /opt/st/stm32cubeide_1.16.0/plugins/com.st.stm32cube.ide.mcu.externaltools.gnu-tools-for-stm32.12.3.rel1.linux64_1.0.200.202406132123/tools/bin/../lib/gcc/arm-none-eabi/12.3.1/../../../../arm-none-eabi/lib/thumb/v7e-m+fp/hard/libc_nano.a(libc_a-stdio.o) (_lseek_r)
[...]
Memory Configuration

Name             Origin             Length             Attributes
CCMRAM           0x10000000         0x00010000         xrw
RAM              0x20000000         0x00020000         xrw
FLASH            0x08000000         0x00100000         xr
*default*        0x00000000         0xffffffff

Linker script and memory map

LOAD /opt/st/stm32cubeide_1.16.0/plugins/com.st.stm32cube.ide.mcu.externaltools.gnu-tools-for-stm32.12.3.rel1.linux64_1.0.200.202406132123/tools/bin/../lib/gcc/arm-none-eabi/12.3.1/thumb/v7e-m+fp/hard/crti.o
LOAD /opt/st/stm32cubeide_1.16.0/plugins/com.st.stm32cube.ide.mcu.externaltools.gnu-tools-for-stm32.12.3.rel1.linux64_1.0.200.202406132123/tools/bin/../lib/gcc/arm-none-eabi/12.3.1/thumb/v7e-m+fp/hard/crtbegin.o
LOAD /opt/st/stm32cubeide_1.16.0/plugins/com.st.stm32cube.ide.mcu.externaltools.gnu-tools-for-stm32.12.3.rel1.linux64_1.0.200.202406132123/tools/bin/../lib/gcc/arm-none-eabi/12.3.1/../../../../arm-none-eabi/lib/thumb/v7e-m+fp/hard/crt0.o
LOAD ./Src/i2c.o
LOAD ./Src/i2c_lcd.o
LOAD ./Src/itm.o
LOAD ./Src/main.o
LOAD ./Src/syscalls.o
LOAD ./Src/sysmem.o
LOAD ./Src/system_stm32f4xx.o
LOAD ./Startup/startup_stm32f407vgtx.o
START GROUP
LOAD /opt/st/stm32cubeide_1.16.0/plugins/com.st.stm32cube.ide.mcu.externaltools.gnu-tools-for-stm32.12.3.rel1.linux64_1.0.200.202406132123/tools/bin/../lib/gcc/arm-none-eabi/12.3.1/../../../../arm-none-eabi/lib/thumb/v7e-m+fp/hard/libc_nano.a
LOAD /opt/st/stm32cubeide_1.16.0/plugins/com.st.stm32cube.ide.mcu.externaltools.gnu-tools-for-stm32.12.3.rel1.linux64_1.0.200.202406132123/tools/bin/../lib/gcc/arm-none-eabi/12.3.1/../../../../arm-none-eabi/lib/thumb/v7e-m+fp/hard/libm.a
END GROUP
START GROUP
LOAD /opt/st/stm32cubeide_1.16.0/plugins/com.st.stm32cube.ide.mcu.externaltools.gnu-tools-for-stm32.12.3.rel1.linux64_1.0.200.202406132123/tools/bin/../lib/gcc/arm-none-eabi/12.3.1/thumb/v7e-m+fp/hard/libgcc.a
LOAD /opt/st/stm32cubeide_1.16.0/plugins/com.st.stm32cube.ide.mcu.externaltools.gnu-tools-for-stm32.12.3.rel1.linux64_1.0.200.202406132123/tools/bin/../lib/gcc/arm-none-eabi/12.3.1/../../../../arm-none-eabi/lib/thumb/v7e-m+fp/hard/libc_nano.a
END GROUP
START GROUP
LOAD /opt/st/stm32cubeide_1.16.0/plugins/com.st.stm32cube.ide.mcu.externaltools.gnu-tools-for-stm32.12.3.rel1.linux64_1.0.200.202406132123/tools/bin/../lib/gcc/arm-none-eabi/12.3.1/thumb/v7e-m+fp/hard/libgcc.a
LOAD /opt/st/stm32cubeide_1.16.0/plugins/com.st.stm32cube.ide.mcu.externaltools.gnu-tools-for-stm32.12.3.rel1.linux64_1.0.200.202406132123/tools/bin/../lib/gcc/arm-none-eabi/12.3.1/../../../../arm-none-eabi/lib/thumb/v7e-m+fp/hard/libc_nano.a
LOAD /opt/st/stm32cubeide_1.16.0/plugins/com.st.stm32cube.ide.mcu.externaltools.gnu-tools-for-stm32.12.3.rel1.linux64_1.0.200.202406132123/tools/bin/../lib/gcc/arm-none-eabi/12.3.1/../../../../arm-none-eabi/lib/thumb/v7e-m+fp/hard/libnosys.a
END GROUP
START GROUP
LOAD /opt/st/stm32cubeide_1.16.0/plugins/com.st.stm32cube.ide.mcu.externaltools.gnu-tools-for-stm32.12.3.rel1.linux64_1.0.200.202406132123/tools/bin/../lib/gcc/arm-none-eabi/12.3.1/thumb/v7e-m+fp/hard/libgcc.a
LOAD /opt/st/stm32cubeide_1.16.0/plugins/com.st.stm32cube.ide.mcu.externaltools.gnu-tools-for-stm32.12.3.rel1.linux64_1.0.200.202406132123/tools/bin/../lib/gcc/arm-none-eabi/12.3.1/../../../../arm-none-eabi/lib/thumb/v7e-m+fp/hard/libc_nano.a
LOAD /opt/st/stm32cubeide_1.16.0/plugins/com.st.stm32cube.ide.mcu.externaltools.gnu-tools-for-stm32.12.3.rel1.linux64_1.0.200.202406132123/tools/bin/../lib/gcc/arm-none-eabi/12.3.1/../../../../arm-none-eabi/lib/thumb/v7e-m+fp/hard/libnosys.a
END GROUP
LOAD /opt/st/stm32cubeide_1.16.0/plugins/com.st.stm32cube.ide.mcu.externaltools.gnu-tools-for-stm32.12.3.rel1.linux64_1.0.200.202406132123/tools/bin/../lib/gcc/arm-none-eabi/12.3.1/thumb/v7e-m+fp/hard/crtend.o
LOAD /opt/st/stm32cubeide_1.16.0/plugins/com.st.stm32cube.ide.mcu.externaltools.gnu-tools-for-stm32.12.3.rel1.linux64_1.0.200.202406132123/tools/bin/../lib/gcc/arm-none-eabi/12.3.1/thumb/v7e-m+fp/hard/crtn.o
                0x20020000                        _estack = (ORIGIN (RAM) + LENGTH (RAM))
                0x00000200                        _Min_Heap_Size = 0x200
                0x00000400                        _Min_Stack_Size = 0x400

.isr_vector     0x08000000      0x188
                0x08000000                        . = ALIGN (0x4)
 *(.isr_vector)
 .isr_vector    0x08000000      0x188 ./Startup/startup_stm32f407vgtx.o
                0x08000000                g_pfnVectors
                0x08000188                        . = ALIGN (0x4)

.text           0x08000188      0x5f0
                0x08000188                        . = ALIGN (0x4)
 *(.text)
 .text          0x08000188       0x40 /opt/st/stm32cubeide_1.16.0/plugins/com.st.stm32cube.ide.mcu.externaltools.gnu-tools-for-stm32.12.3.rel1.linux64_1.0.200.202406132123/tools/bin/../lib/gcc/arm-none-eabi/12.3.1/thumb/v7e-m+fp/hard/crtbegin.o
 *(.text*)
 .text.I2C_Init
                0x080001c8       0xc4 ./Src/i2c.o
                0x080001c8                I2C_Init
 .text.I2C_Start
                0x0800028c       0x30 ./Src/i2c.o
                0x0800028c                I2C_Start
 .text.I2C_Stop
                0x080002bc       0x30 ./Src/i2c.o
                0x080002bc                I2C_Stop
 .text.I2C_SendSlaveAddr
                0x080002ec       0x38 ./Src/i2c.o
                0x080002ec                I2C_SendSlaveAddr
 .text.I2C_SendData
                0x08000324       0x40 ./Src/i2c.o
                0x08000324                I2C_SendData
 .text.I2C_IsDeviceReady
                0x08000364       0x38 ./Src/i2c.o
                0x08000364                I2C_IsDeviceReady
 .text.DelayMs  0x0800039c       0x50 ./Src/i2c_lcd.o
 .text.Lcd_Write4BitAndCtrl
                0x080003ec       0x28 ./Src/i2c_lcd.o
                0x080003ec                Lcd_Write4BitAndCtrl
 .text.Lcd_WriteByte
                0x08000414       0x90 ./Src/i2c_lcd.o
                0x08000414                Lcd_WriteByte
 .text.Lcd_Init
                0x080004a4       0xd0 ./Src/i2c_lcd.o
                0x080004a4                Lcd_Init
 .text.Lcd_Puts
                0x08000574       0x4e ./Src/i2c_lcd.o
                0x08000574                Lcd_Puts
 *fill*         0x080005c2        0x2 
 .text.DelayMs  0x080005c4       0x50 ./Src/main.o
 .text.main     0x08000614       0x44 ./Src/main.o
                0x08000614                main
 .text.SystemInit
                0x08000658        0xc ./Src/system_stm32f4xx.o
                0x08000658                SystemInit
 .text.DWT_Init
                0x08000664       0x60 ./Src/system_stm32f4xx.o
                0x08000664                DWT_Init
 .text.Reset_Handler
                0x080006c4       0x50 ./Startup/startup_stm32f407vgtx.o
                0x080006c4                Reset_Handler
 .text.Default_Handler
                0x08000714        0x2 ./Startup/startup_stm32f407vgtx.o
                0x08000714                RTC_Alarm_IRQHandler
                0x08000714                HASH_RNG_IRQHandler
                0x08000714                EXTI2_IRQHandler
                0x08000714                TIM8_CC_IRQHandler
                0x08000714                DebugMon_Handler
                0x08000714                TIM1_CC_IRQHandler
                0x08000714                DMA2_Stream5_IRQHandler
                0x08000714                HardFault_Handler
                0x08000714                DMA1_Stream5_IRQHandler
                0x08000714                SysTick_Handler
                0x08000714                PVD_IRQHandler
                0x08000714                SDIO_IRQHandler
                0x08000714                TAMP_STAMP_IRQHandler
                0x08000714                PendSV_Handler
                0x08000714                NMI_Handler
                0x08000714                CAN2_RX1_IRQHandler
                0x08000714                EXTI3_IRQHandler
                0x08000714                TIM8_TRG_COM_TIM14_IRQHandler
                0x08000714                TIM1_UP_TIM10_IRQHandler
                0x08000714                TIM8_UP_TIM13_IRQHandler
                0x08000714                I2C3_ER_IRQHandler
                0x08000714                EXTI0_IRQHandler
                0x08000714                I2C2_EV_IRQHandler
                0x08000714                DMA1_Stream2_IRQHandler
                0x08000714                CAN1_RX0_IRQHandler
                0x08000714                FPU_IRQHandler
                0x08000714                OTG_HS_WKUP_IRQHandler
                0x08000714                UsageFault_Handler
                0x08000714                CAN2_SCE_IRQHandler
                0x08000714                DMA2_Stream2_IRQHandler
                0x08000714                SPI1_IRQHandler
                0x08000714                TIM6_DAC_IRQHandler
                0x08000714                TIM1_BRK_TIM9_IRQHandler
                0x08000714                DCMI_IRQHandler
                0x08000714                CAN2_RX0_IRQHandler
                0x08000714                DMA2_Stream3_IRQHandler
                0x08000714                USART6_IRQHandler
                0x08000714                USART3_IRQHandler
                0x08000714                CRYP_IRQHandler
                0x08000714                CAN1_RX1_IRQHandler
                0x08000714                UART5_IRQHandler
                0x08000714                DMA2_Stream0_IRQHandler
                0x08000714                TIM4_IRQHandler
                0x08000714                I2C1_EV_IRQHandler
                0x08000714                DMA1_Stream6_IRQHandler
                0x08000714                DMA1_Stream1_IRQHandler
                0x08000714                UART4_IRQHandler
                0x08000714                TIM3_IRQHandler
                0x08000714                RCC_IRQHandler
                0x08000714                TIM8_BRK_TIM12_IRQHandler
                0x08000714                Default_Handler
                0x08000714                EXTI15_10_IRQHandler
                0x08000714                ADC_IRQHandler
                0x08000714                DMA1_Stream7_IRQHandler
                0x08000714                TIM7_IRQHandler
                0x08000714                CAN2_TX_IRQHandler
                0x08000714                TIM5_IRQHandler
                0x08000714                DMA2_Stream7_IRQHandler
                0x08000714                I2C3_EV_IRQHandler
                0x08000714                EXTI9_5_IRQHandler
                0x08000714                RTC_WKUP_IRQHandler
                0x08000714                ETH_WKUP_IRQHandler
                0x08000714                SPI2_IRQHandler
                0x08000714                OTG_HS_EP1_IN_IRQHandler
                0x08000714                MemManage_Handler
                0x08000714                DMA1_Stream0_IRQHandler
                0x08000714                CAN1_TX_IRQHandler
                0x08000714                SVC_Handler
                0x08000714                EXTI4_IRQHandler
                0x08000714                FSMC_IRQHandler
                0x08000714                ETH_IRQHandler
                0x08000714                OTG_HS_EP1_OUT_IRQHandler
                0x08000714                WWDG_IRQHandler
                0x08000714                TIM2_IRQHandler
                0x08000714                OTG_FS_WKUP_IRQHandler
                0x08000714                TIM1_TRG_COM_TIM11_IRQHandler
                0x08000714                OTG_HS_IRQHandler
                0x08000714                EXTI1_IRQHandler
                0x08000714                USART2_IRQHandler
                0x08000714                I2C2_ER_IRQHandler
                0x08000714                DMA2_Stream1_IRQHandler
                0x08000714                CAN1_SCE_IRQHandler
                0x08000714                DMA2_Stream4_IRQHandler
                0x08000714                BusFault_Handler
                0x08000714                USART1_IRQHandler
                0x08000714                OTG_FS_IRQHandler
                0x08000714                SPI3_IRQHandler
                0x08000714                DMA1_Stream4_IRQHandler
                0x08000714                I2C1_ER_IRQHandler
                0x08000714                DMA2_Stream6_IRQHandler
                0x08000714                DMA1_Stream3_IRQHandler
 *fill*         0x08000716        0x2 
 .text.__libc_init_array
                0x08000718       0x48 /opt/st/stm32cubeide_1.16.0/plugins/com.st.stm32cube.ide.mcu.externaltools.gnu-tools-for-stm32.12.3.rel1.linux64_1.0.200.202406132123/tools/bin/../lib/gcc/arm-none-eabi/12.3.1/../../../../arm-none-eabi/lib/thumb/v7e-m+fp/hard/libc_nano.a(libc_a-init.o)
                0x08000718                __libc_init_array
 *(.glue_7)
 .glue_7        0x08000760        0x0 linker stubs
 *(.glue_7t)
 .glue_7t       0x08000760        0x0 linker stubs
 *(.eh_frame)
 .eh_frame      0x08000760        0x0 /opt/st/stm32cubeide_1.16.0/plugins/com.st.stm32cube.ide.mcu.externaltools.gnu-tools-for-stm32.12.3.rel1.linux64_1.0.200.202406132123/tools/bin/../lib/gcc/arm-none-eabi/12.3.1/thumb/v7e-m+fp/hard/crtbegin.o
 *(.init)
 .init          0x08000760        0x4 /opt/st/stm32cubeide_1.16.0/plugins/com.st.stm32cube.ide.mcu.externaltools.gnu-tools-for-stm32.12.3.rel1.linux64_1.0.200.202406132123/tools/bin/../lib/gcc/arm-none-eabi/12.3.1/thumb/v7e-m+fp/hard/crti.o
                0x08000760                _init
 .init          0x08000764        0x8 /opt/st/stm32cubeide_1.16.0/plugins/com.st.stm32cube.ide.mcu.externaltools.gnu-tools-for-stm32.12.3.rel1.linux64_1.0.200.202406132123/tools/bin/../lib/gcc/arm-none-eabi/12.3.1/thumb/v7e-m+fp/hard/crtn.o
 *(.fini)
 .fini          0x0800076c        0x4 /opt/st/stm32cubeide_1.16.0/plugins/com.st.stm32cube.ide.mcu.externaltools.gnu-tools-for-stm32.12.3.rel1.linux64_1.0.200.202406132123/tools/bin/../lib/gcc/arm-none-eabi/12.3.1/thumb/v7e-m+fp/hard/crti.o
                0x0800076c                _fini
 .fini          0x08000770        0x8 /opt/st/stm32cubeide_1.16.0/plugins/com.st.stm32cube.ide.mcu.externaltools.gnu-tools-for-stm32.12.3.rel1.linux64_1.0.200.202406132123/tools/bin/../lib/gcc/arm-none-eabi/12.3.1/thumb/v7e-m+fp/hard/crtn.o
                0x08000778                        . = ALIGN (0x4)
                0x08000778                        _etext = .

.vfp11_veneer   0x08000778        0x0
 .vfp11_veneer  0x08000778        0x0 linker stubs

.v4_bx          0x08000778        0x0
 .v4_bx         0x08000778        0x0 linker stubs

.iplt           0x08000778        0x0
 .iplt          0x08000778        0x0 /opt/st/stm32cubeide_1.16.0/plugins/com.st.stm32cube.ide.mcu.externaltools.gnu-tools-for-stm32.12.3.rel1.linux64_1.0.200.202406132123/tools/bin/../lib/gcc/arm-none-eabi/12.3.1/thumb/v7e-m+fp/hard/crtbegin.o

.rodata         0x08000778       0x20
                0x08000778                        . = ALIGN (0x4)
 *(.rodata)
 .rodata        0x08000778       0x1f ./Src/main.o
 *(.rodata*)
                0x08000798                        . = ALIGN (0x4)
 *fill*         0x08000797        0x1 

.ARM.extab      0x08000798        0x0
                0x08000798                        . = ALIGN (0x4)
 *(.ARM.extab* .gnu.linkonce.armextab.*)
                0x08000798                        . = ALIGN (0x4)

.ARM            0x08000798        0x0
                0x08000798                        . = ALIGN (0x4)
                0x08000798                        __exidx_start = .
 *(.ARM.exidx*)
                0x08000798                        __exidx_end = .
                0x08000798                        . = ALIGN (0x4)

.preinit_array  0x08000798        0x0
                0x08000798                        . = ALIGN (0x4)
                0x08000798                        PROVIDE (__preinit_array_start = .)
 *(.preinit_array*)
                0x08000798                        PROVIDE (__preinit_array_end = .)
                0x08000798                        . = ALIGN (0x4)

.init_array     0x08000798        0x4
                0x08000798                        . = ALIGN (0x4)
                0x08000798                        PROVIDE (__init_array_start = .)
 *(SORT_BY_NAME(.init_array.*))
 *(.init_array*)
 .init_array    0x08000798        0x4 /opt/st/stm32cubeide_1.16.0/plugins/com.st.stm32cube.ide.mcu.externaltools.gnu-tools-for-stm32.12.3.rel1.linux64_1.0.200.202406132123/tools/bin/../lib/gcc/arm-none-eabi/12.3.1/thumb/v7e-m+fp/hard/crtbegin.o
                0x0800079c                        PROVIDE (__init_array_end = .)
                0x0800079c                        . = ALIGN (0x4)

.fini_array     0x0800079c        0x4
                0x0800079c                        . = ALIGN (0x4)
                [!provide]                        PROVIDE (__fini_array_start = .)
 *(SORT_BY_NAME(.fini_array.*))
 *(.fini_array*)
 .fini_array    0x0800079c        0x4 /opt/st/stm32cubeide_1.16.0/plugins/com.st.stm32cube.ide.mcu.externaltools.gnu-tools-for-stm32.12.3.rel1.linux64_1.0.200.202406132123/tools/bin/../lib/gcc/arm-none-eabi/12.3.1/thumb/v7e-m+fp/hard/crtbegin.o
                [!provide]                        PROVIDE (__fini_array_end = .)
                0x080007a0                        . = ALIGN (0x4)
                0x080007a0                        _sidata = LOADADDR (.data)

.rel.dyn        0x080007a0        0x0
 .rel.iplt      0x080007a0        0x0 /opt/st/stm32cubeide_1.16.0/plugins/com.st.stm32cube.ide.mcu.externaltools.gnu-tools-for-stm32.12.3.rel1.linux64_1.0.200.202406132123/tools/bin/../lib/gcc/arm-none-eabi/12.3.1/thumb/v7e-m+fp/hard/crtbegin.o

.data           0x20000000        0x4 load address 0x080007a0
                0x20000000                        . = ALIGN (0x4)
                0x20000000                        _sdata = .
 *(.data)
 *(.data*)
 .data.SystemCoreClock
                0x20000000        0x4 ./Src/system_stm32f4xx.o
                0x20000000                SystemCoreClock
 *(.RamFunc)
 *(.RamFunc*)
                0x20000004                        . = ALIGN (0x4)
                0x20000004                        _edata = .
                0x080007a4                        _siccmram = LOADADDR (.ccmram)

.igot.plt       0x20000004        0x0 load address 0x080007a4
 .igot.plt      0x20000004        0x0 /opt/st/stm32cubeide_1.16.0/plugins/com.st.stm32cube.ide.mcu.externaltools.gnu-tools-for-stm32.12.3.rel1.linux64_1.0.200.202406132123/tools/bin/../lib/gcc/arm-none-eabi/12.3.1/thumb/v7e-m+fp/hard/crtbegin.o

.ccmram         0x10000000        0x0 load address 0x080007a4
                0x10000000                        . = ALIGN (0x4)
                0x10000000                        _sccmram = .
 *(.ccmram)
 *(.ccmram*)
                0x10000000                        . = ALIGN (0x4)
                0x10000000                        _eccmram = .
                0x10000000                        . = ALIGN (0x4)

.bss            0x20000004       0x1c
                0x20000004                        _sbss = .
                0x20000004                        __bss_start__ = _sbss
 *(.bss)
 .bss           0x20000004       0x1c /opt/st/stm32cubeide_1.16.0/plugins/com.st.stm32cube.ide.mcu.externaltools.gnu-tools-for-stm32.12.3.rel1.linux64_1.0.200.202406132123/tools/bin/../lib/gcc/arm-none-eabi/12.3.1/thumb/v7e-m+fp/hard/crtbegin.o
 *(.bss*)
 *(COMMON)
                0x20000020                        . = ALIGN (0x4)
                0x20000020                        _ebss = .
                0x20000020                        __bss_end__ = _ebss

._user_heap_stack
                0x20000020      0x600
                0x20000020                        . = ALIGN (0x8)
                [!provide]                        PROVIDE (end = .)
                0x20000020                        PROVIDE (_end = .)
                0x20000220                        . = (. + _Min_Heap_Size)
 *fill*         0x20000020      0x200 
                0x20000620                        . = (. + _Min_Stack_Size)
 *fill*         0x20000220      0x400 
                0x20000620                        . = ALIGN (0x8)

/DISCARD/
 libc.a(*)
 libm.a(*)
 libgcc.a(*)

.ARM.attributes
                0x00000000       0x30
 *(.ARM.attributes)
 .ARM.attributes
                0x00000000       0x22 /opt/st/stm32cubeide_1.16.0/plugins/com.st.stm32cube.ide.mcu.externaltools.gnu-tools-for-stm32.12.3.rel1.linux64_1.0.200.202406132123/tools/bin/../lib/gcc/arm-none-eabi/12.3.1/thumb/v7e-m+fp/hard/crti.o
 .ARM.attributes
                0x00000022       0x34 /opt/st/stm32cubeide_1.16.0/plugins/com.st.stm32cube.ide.mcu.externaltools.gnu-tools-for-stm32.12.3.rel1.linux64_1.0.200.202406132123/tools/bin/../lib/gcc/arm-none-eabi/12.3.1/thumb/v7e-m+fp/hard/crtbegin.o
 .ARM.attributes
                0x00000056       0x34 ./Src/i2c.o
 .ARM.attributes
                0x0000008a       0x34 ./Src/i2c_lcd.o
 .ARM.attributes
                0x000000be       0x34 ./Src/main.o
 .ARM.attributes
                0x000000f2       0x34 ./Src/system_stm32f4xx.o
 .ARM.attributes
                0x00000126       0x21 ./Startup/startup_stm32f407vgtx.o
 .ARM.attributes
                0x00000147       0x34 /opt/st/stm32cubeide_1.16.0/plugins/com.st.stm32cube.ide.mcu.externaltools.gnu-tools-for-stm32.12.3.rel1.linux64_1.0.200.202406132123/tools/bin/../lib/gcc/arm-none-eabi/12.3.1/../../../../arm-none-eabi/lib/thumb/v7e-m+fp/hard/libc_nano.a(libc_a-init.o)
 .ARM.attributes
                0x0000017b       0x22 /opt/st/stm32cubeide_1.16.0/plugins/com.st.stm32cube.ide.mcu.externaltools.gnu-tools-for-stm32.12.3.rel1.linux64_1.0.200.202406132123/tools/bin/../lib/gcc/arm-none-eabi/12.3.1/thumb/v7e-m+fp/hard/crtn.o
OUTPUT(Assignment_Day8.elf elf32-littlearm)
LOAD linker stubs
LOAD /opt/st/stm32cubeide_1.16.0/plugins/com.st.stm32cube.ide.mcu.externaltools.gnu-tools-for-stm32.12.3.rel1.linux64_1.0.200.202406132123/tools/bin/../lib/gcc/arm-none-eabi/12.3.1/../../../../arm-none-eabi/lib/thumb/v7e-m+fp/hard/libc.a
LOAD /opt/st/stm32cubeide_1.16.0/plugins/com.st.stm32cube.ide.mcu.externaltools.gnu-tools-for-stm32.12.3.rel1.linux64_1.0.200.202406132123/tools/bin/../lib/gcc/arm-none-eabi/12.3.1/../../../../arm-none-eabi/lib/thumb/v7e-m+fp/hard/libm.a
LOAD /opt/st/stm32cubeide_1.16.0/plugins/com.st.stm32cube.ide.mcu.externaltools.gnu-tools-for-stm32.12.3.rel1.linux64_1.0.200.202406132123/tools/bin/../lib/gcc/arm-none-eabi/12.3.1/thumb/v7e-m+fp/hard/libgcc.a

.debug_info     0x00000000      0xfe0
 .debug_info    0x00000000      0x459 ./Src/i2c.o
 .debug_info    0x00000459      0x371 ./Src/i2c_lcd.o
 .debug_info    0x000007ca      0x2aa ./Src/main.o
 .debug_info    0x00000a74      0x53c ./Src/system_stm32f4xx.o
 .debug_info    0x00000fb0       0x30 ./Startup/startup_stm32f407vgtx.o

.debug_abbrev   0x00000000      0x58c
 .debug_abbrev  0x00000000      0x131 ./Src/i2c.o
 .debug_abbrev  0x00000131      0x188 ./Src/i2c_lcd.o
 .debug_abbrev  0x000002b9      0x157 ./Src/main.o
 .debug_abbrev  0x00000410      0x158 ./Src/system_stm32f4xx.o
 .debug_abbrev  0x00000568       0x24 ./Startup/startup_stm32f407vgtx.o

.debug_aranges  0x00000000      0x128
 .debug_aranges
                0x00000000       0x60 ./Src/i2c.o
 .debug_aranges
                0x00000060       0x40 ./Src/i2c_lcd.o
 .debug_aranges
                0x000000a0       0x28 ./Src/main.o
 .debug_aranges
                0x000000c8       0x38 ./Src/system_stm32f4xx.o
 .debug_aranges
                0x00000100       0x28 ./Startup/startup_stm32f407vgtx.o

.debug_rnglists
                0x00000000       0xc9
 .debug_rnglists
                0x00000000       0x44 ./Src/i2c.o
 .debug_rnglists
                0x00000044       0x2d ./Src/i2c_lcd.o
 .debug_rnglists
                0x00000071       0x19 ./Src/main.o
 .debug_rnglists
                0x0000008a       0x26 ./Src/system_stm32f4xx.o
 .debug_rnglists
                0x000000b0       0x19 ./Startup/startup_stm32f407vgtx.o

.debug_macro    0x00000000    0x1902d
 .debug_macro   0x00000000       0xdc ./Src/i2c.o
 .debug_macro   0x000000dc      0xac0 ./Src/i2c.o
 .debug_macro   0x00000b9c       0x2e ./Src/i2c.o
 .debug_macro   0x00000bca       0x2f ./Src/i2c.o
 .debug_macro   0x00000bf9       0x22 ./Src/i2c.o
 .debug_macro   0x00000c1b       0x8e ./Src/i2c.o
 .debug_macro   0x00000ca9       0x51 ./Src/i2c.o
 .debug_macro   0x00000cfa      0x103 ./Src/i2c.o
 .debug_macro   0x00000dfd       0x6a ./Src/i2c.o
 .debug_macro   0x00000e67      0x1df ./Src/i2c.o
 .debug_macro   0x00001046       0x1c ./Src/i2c.o
 .debug_macro   0x00001062       0x22 ./Src/i2c.o
 .debug_macro   0x00001084       0xd9 ./Src/i2c.o
 .debug_macro   0x0000115d     0x102d ./Src/i2c.o
 .debug_macro   0x0000218a      0x11f ./Src/i2c.o
 .debug_macro   0x000022a9       0x11 ./Src/i2c.o
 .debug_macro   0x000022ba    0x15e3c ./Src/i2c.o
 .debug_macro   0x000180f6       0x4a ./Src/i2c.o
 .debug_macro   0x00018140       0x10 ./Src/i2c.o
 .debug_macro   0x00018150       0xeb ./Src/i2c_lcd.o
 .debug_macro   0x0001823b       0x7c ./Src/i2c_lcd.o
 .debug_macro   0x000182b7      0x1d4 ./Src/main.o
 .debug_macro   0x0001848b       0x61 ./Src/main.o
 .debug_macro   0x000184ec       0x2a ./Src/main.o
 .debug_macro   0x00018516       0x43 ./Src/main.o
 .debug_macro   0x00018559       0x34 ./Src/main.o
 .debug_macro   0x0001858d       0x16 ./Src/main.o
 .debug_macro   0x000185a3       0x9e ./Src/main.o
 .debug_macro   0x00018641      0x369 ./Src/main.o
 .debug_macro   0x000189aa      0x10b ./Src/main.o
 .debug_macro   0x00018ab5       0x10 ./Src/main.o
 .debug_macro   0x00018ac5       0x16 ./Src/main.o
 .debug_macro   0x00018adb       0x43 ./Src/main.o
 .debug_macro   0x00018b1e       0x34 ./Src/main.o
 .debug_macro   0x00018b52       0x10 ./Src/main.o
 .debug_macro   0x00018b62       0x58 ./Src/main.o
 .debug_macro   0x00018bba       0x8e ./Src/main.o
 .debug_macro   0x00018c48       0x1c ./Src/main.o
 .debug_macro   0x00018c64      0x177 ./Src/main.o
 .debug_macro   0x00018ddb       0x16 ./Src/main.o
 .debug_macro   0x00018df1       0x16 ./Src/main.o
 .debug_macro   0x00018e07      0x146 ./Src/main.o
 .debug_macro   0x00018f4d       0xe0 ./Src/system_stm32f4xx.o

.debug_line     0x00000000     0x15e9
 .debug_line    0x00000000      0x605 ./Src/i2c.o
 .debug_line    0x00000605      0x4ed ./Src/i2c_lcd.o
 .debug_line    0x00000af2      0x5a6 ./Src/main.o
 .debug_line    0x00001098      0x4d6 ./Src/system_stm32f4xx.o
 .debug_line    0x0000156e       0x7b ./Startup/startup_stm32f407vgtx.o

.debug_str      0x00000000    0x8b98c
 .debug_str     0x00000000    0x87bdf ./Src/i2c.o
                              0x87d5e (size before relaxing)
 .debug_str     0x00087bdf      0x271 ./Src/i2c_lcd.o
                              0x87e58 (size before relaxing)
 .debug_str     0x00087e50     0x3a0f ./Src/main.o
                              0x8b867 (size before relaxing)
 .debug_str     0x0008b85f       0xee ./Src/system_stm32f4xx.o
                              0x87dea (size before relaxing)
 .debug_str     0x0008b94d       0x3f ./Startup/startup_stm32f407vgtx.o
                                 0x7f (size before relaxing)

.comment        0x00000000       0x43
 .comment       0x00000000       0x43 ./Src/i2c.o
                                 0x44 (size before relaxing)
 .comment       0x00000043       0x44 ./Src/i2c_lcd.o
 .comment       0x00000043       0x44 ./Src/main.o
 .comment       0x00000043       0x44 ./Src/system_stm32f4xx.o

.debug_frame    0x00000000      0x328
 .debug_frame   0x00000000      0x154 ./Src/i2c.o
 .debug_frame   0x00000154       0xc8 ./Src/i2c_lcd.o
 .debug_frame   0x0000021c       0x5c ./Src/main.o
 .debug_frame   0x00000278       0x84 ./Src/system_stm32f4xx.o
 .debug_frame   0x000002fc       0x2c /opt/st/stm32cubeide_1.16.0/plugins/com.st.stm32cube.ide.mcu.externaltools.gnu-tools-for-stm32.12.3.rel1.linux64_1.0.200.202406132123/tools/bin/../lib/gcc/arm-none-eabi/12.3.1/../../../../arm-none-eabi/lib/thumb/v7e-m+fp/hard/libc_nano.a(libc_a-init.o)

.debug_loclists
                0x00000000       0x1f
 .debug_loclists
                0x00000000       0x1f ./Src/system_stm32f4xx.o

.debug_line_str
                0x00000000       0x63
 .debug_line_str
                0x00000000       0x63 ./Startup/startup_stm32f407vgtx.o
